192.168.1.1 - - [10/Oct/2025:13:55:36 -0700] "GET /api/users HTTP/1.1" 200 1534 "https://example.com" "Mozilla/5.0"
10.0.0.5 - - [10/Oct/2025:13:55:37 -0700] "POST /login HTTP/1.1" 404 230 "-" "curl/7.68"
garbage line that should fail